MPLINK 5.09, LINKER
Linker Map File - Created Fri Sep  4 01:13:06 2020

                                 Section Info
                  Section       Type    Address   Location Size(Bytes)
                ---------  ---------  ---------  ---------  ---------
                   .org_0       code   0x000000    program   0x000002
                   .cinit    romdata   0x000001    program   0x000004
                   .org_1       code   0x000004    program   0x00007a
.config_2007_BUILD/DEFAULT/PRODUCTION/ANALOG.       code   0x002007    program   0x000002



                              Program Memory Usage 
                               Start         End      
                           ---------   ---------      
                            0x000000    0x000002      
                            0x000004    0x000040      
                            0x002007    0x002007      
            65 out of 1158 program addresses used, program memory utilization is 5%



                              Symbols - Sorted by Name
                     Name    Address   Location    Storage File                     
                ---------  ---------  ---------  --------- ---------                
                   BACK_1   0x000033    program     static /home/tales/MPLABXProjects/blink_12f675.X/analog.asm
                    DELAY   0x000025    program     static /home/tales/MPLABXProjects/blink_12f675.X/analog.asm
                     MAIN   0x00001e    program     static /home/tales/MPLABXProjects/blink_12f675.X/analog.asm
                    SETUP   0x000007    program     static /home/tales/MPLABXProjects/blink_12f675.X/analog.asm
                 TMR_WAIT   0x000031    program     static /home/tales/MPLABXProjects/blink_12f675.X/analog.asm
               ZERA_TEMPO   0x00002e    program     static /home/tales/MPLABXProjects/blink_12f675.X/analog.asm
             _.org_1_0020   0x000020    program     static /home/tales/MPLABXProjects/blink_12f675.X/analog.asm



                              Symbols - Sorted by Address
                     Name    Address   Location    Storage File                     
                ---------  ---------  ---------  --------- ---------                
                    SETUP   0x000007    program     static /home/tales/MPLABXProjects/blink_12f675.X/analog.asm
                     MAIN   0x00001e    program     static /home/tales/MPLABXProjects/blink_12f675.X/analog.asm
             _.org_1_0020   0x000020    program     static /home/tales/MPLABXProjects/blink_12f675.X/analog.asm
                    DELAY   0x000025    program     static /home/tales/MPLABXProjects/blink_12f675.X/analog.asm
               ZERA_TEMPO   0x00002e    program     static /home/tales/MPLABXProjects/blink_12f675.X/analog.asm
                 TMR_WAIT   0x000031    program     static /home/tales/MPLABXProjects/blink_12f675.X/analog.asm
                   BACK_1   0x000033    program     static /home/tales/MPLABXProjects/blink_12f675.X/analog.asm


