MPLINK 5.09, LINKER
Linker Map File - Created Wed Sep  2 00:09:55 2020

                                 Section Info
                  Section       Type    Address   Location Size(Bytes)
                ---------  ---------  ---------  ---------  ---------
                   .org_0       code   0x000000    program   0x000002
                   .cinit    romdata   0x000001    program   0x000004
                   .org_1       code   0x000004    program   0x00004e
.config_2007_BUILD/DEFAULT/DEBUG/INT_EXT.O       code   0x002007    program   0x000002



                              Program Memory Usage 
                               Start         End      
                           ---------   ---------      
                            0x000000    0x000002      
                            0x000004    0x00002a      
                            0x002007    0x002007      
            43 out of 1158 program addresses used, program memory utilization is 3%



                              Symbols - Sorted by Name
                     Name    Address   Location    Storage File                     
                ---------  ---------  ---------  --------- ---------                
                    DELAY   0x00001e    program     static /home/tales/MPLABXProjects/blink_12f675.X/int_ext.asm
                  INVERTE   0x00001b    program     static /home/tales/MPLABXProjects/blink_12f675.X/int_ext.asm
                     MAIN   0x00001a    program     static /home/tales/MPLABXProjects/blink_12f675.X/int_ext.asm
                    SETUP   0x000007    program     static /home/tales/MPLABXProjects/blink_12f675.X/int_ext.asm



                              Symbols - Sorted by Address
                     Name    Address   Location    Storage File                     
                ---------  ---------  ---------  --------- ---------                
                    SETUP   0x000007    program     static /home/tales/MPLABXProjects/blink_12f675.X/int_ext.asm
                     MAIN   0x00001a    program     static /home/tales/MPLABXProjects/blink_12f675.X/int_ext.asm
                  INVERTE   0x00001b    program     static /home/tales/MPLABXProjects/blink_12f675.X/int_ext.asm
                    DELAY   0x00001e    program     static /home/tales/MPLABXProjects/blink_12f675.X/int_ext.asm


