MPLINK 5.09, LINKER
Linker Map File - Created Wed Aug 26 23:47:56 2020

                                 Section Info
                  Section       Type    Address   Location Size(Bytes)
                ---------  ---------  ---------  ---------  ---------
                   .org_0       code   0x000000    program   0x000002
                   .cinit    romdata   0x000001    program   0x000004
                   .org_1       code   0x000004    program   0x00002e
.config_2007_BUILD/DEFAULT/DEBUG/TMR_0.O       code   0x002007    program   0x000002



                              Program Memory Usage 
                               Start         End      
                           ---------   ---------      
                            0x000000    0x000002      
                            0x000004    0x00001a      
                            0x002007    0x002007      
            27 out of 1158 program addresses used, program memory utilization is 2%



                              Symbols - Sorted by Name
                     Name    Address   Location    Storage File                     
                ---------  ---------  ---------  --------- ---------                
                  INVERTE   0x000017    program     static /home/tales/MPLABXProjects/blink_12f675.X/tmr_0.asm
                     MAIN   0x000016    program     static /home/tales/MPLABXProjects/blink_12f675.X/tmr_0.asm
                    SETUP   0x000007    program     static /home/tales/MPLABXProjects/blink_12f675.X/tmr_0.asm



                              Symbols - Sorted by Address
                     Name    Address   Location    Storage File                     
                ---------  ---------  ---------  --------- ---------                
                    SETUP   0x000007    program     static /home/tales/MPLABXProjects/blink_12f675.X/tmr_0.asm
                     MAIN   0x000016    program     static /home/tales/MPLABXProjects/blink_12f675.X/tmr_0.asm
                  INVERTE   0x000017    program     static /home/tales/MPLABXProjects/blink_12f675.X/tmr_0.asm


