MPLINK 5.09, LINKER
Linker Map File - Created Tue Aug 25 23:56:17 2020

                                 Section Info
                  Section       Type    Address   Location Size(Bytes)
                ---------  ---------  ---------  ---------  ---------
                   .org_0       code   0x000000    program   0x000002
                   .cinit    romdata   0x000001    program   0x000004
                   .org_1       code   0x000004    program   0x00004c
.config_2007_BUILD/DEFAULT/PRODUCTION/BLINK.O       code   0x002007    program   0x000002



                              Program Memory Usage 
                               Start         End      
                           ---------   ---------      
                            0x000000    0x000002      
                            0x000004    0x000029      
                            0x002007    0x002007      
            42 out of 2182 program addresses used, program memory utilization is 1%



                              Symbols - Sorted by Name
                     Name    Address   Location    Storage File                     
                ---------  ---------  ---------  --------- ---------                
                    BACK1   0x00001c    program     static /home/tales/MPLABXProjects/Hello_World.X/blink.asm
                    BACK2   0x00001e    program     static /home/tales/MPLABXProjects/Hello_World.X/blink.asm
                    DELAY   0x00001a    program     static /home/tales/MPLABXProjects/Hello_World.X/blink.asm
                   INICIO   0x000005    program     static /home/tales/MPLABXProjects/Hello_World.X/blink.asm
                     MAIN   0x000013    program     static /home/tales/MPLABXProjects/Hello_World.X/blink.asm



                              Symbols - Sorted by Address
                     Name    Address   Location    Storage File                     
                ---------  ---------  ---------  --------- ---------                
                   INICIO   0x000005    program     static /home/tales/MPLABXProjects/Hello_World.X/blink.asm
                     MAIN   0x000013    program     static /home/tales/MPLABXProjects/Hello_World.X/blink.asm
                    DELAY   0x00001a    program     static /home/tales/MPLABXProjects/Hello_World.X/blink.asm
                    BACK1   0x00001c    program     static /home/tales/MPLABXProjects/Hello_World.X/blink.asm
                    BACK2   0x00001e    program     static /home/tales/MPLABXProjects/Hello_World.X/blink.asm


