MPLINK 5.09, LINKER
Linker Map File - Created Fri Sep  4 00:38:32 2020

                                 Section Info
                  Section       Type    Address   Location Size(Bytes)
                ---------  ---------  ---------  ---------  ---------
                   .org_0       code   0x000000    program   0x000002
                   .cinit    romdata   0x000001    program   0x000004
                   .org_1       code   0x000004    program   0x00002c
.config_2007_BUILD/DEFAULT/PRODUCTION/SOURCE_       code   0x002007    program   0x000002



                              Program Memory Usage 
                               Start         End      
                           ---------   ---------      
                            0x000000    0x000002      
                            0x000004    0x000019      
                            0x002007    0x002007      
            26 out of 2182 program addresses used, program memory utilization is 1%



                              Symbols - Sorted by Name
                     Name    Address   Location    Storage File                     
                ---------  ---------  ---------  --------- ---------                
             _.org_1_0019   0x000019    program     static /home/tales/MPLABXProjects/Hello_World.X/source_file_aula37.asm
                 exit_ISR   0x00000c    program     static /home/tales/MPLABXProjects/Hello_World.X/source_file_aula37.asm
                   inicio   0x000011    program     static /home/tales/MPLABXProjects/Hello_World.X/source_file_aula37.asm



                              Symbols - Sorted by Address
                     Name    Address   Location    Storage File                     
                ---------  ---------  ---------  --------- ---------                
                 exit_ISR   0x00000c    program     static /home/tales/MPLABXProjects/Hello_World.X/source_file_aula37.asm
                   inicio   0x000011    program     static /home/tales/MPLABXProjects/Hello_World.X/source_file_aula37.asm
             _.org_1_0019   0x000019    program     static /home/tales/MPLABXProjects/Hello_World.X/source_file_aula37.asm


